// Jest Snapshot v1, https://goo.gl/fbAQLP

exports[`Header renders correctly 1`] = `
ShallowWrapper {
  "length": 1,
  Symbol(enzyme.__root__): [Circular],
  Symbol(enzyme.__unrendered__): <Header
    history={Array []}
    onSearchBars={[Function]}
/>,
  Symbol(enzyme.__renderer__): Object {
    "batchedUpdates": [Function],
    "getNode": [Function],
    "render": [Function],
    "simulateEvent": [Function],
    "unmount": [Function],
  },
  Symbol(enzyme.__node__): Object {
    "instance": null,
    "key": undefined,
    "nodeType": "host",
    "props": Object {
      "children": <nav
        className="navigation"
>
        <span
                className="navigation__header"
        >
                <Link
                        replace={false}
                        to="/"
                >
                        <i
                                aria-hidden="true"
                                className="fa fa-glass glass-icon--1"
                        />
                        <i
                                aria-hidden="true"
                                className="fa fa-glass glass-icon--2"
                        />
                </Link>
        </span>
        <form
                action="#"
                className="search"
        >
                <input
                        className="search__input"
                        onChange={[Function]}
                        onKeyDown={[Function]}
                        placeholder="Your city or zip code"
                        type="text"
                        value=""
                />
                <i
                        aria-hidden="true"
                        className="fa fa-search search__icon"
                        onClick={[Function]}
                />
        </form>
        <ul
                className="navigation__list"
                onClick={[Function]}
        >
                <li
                        className="sidenav-icon"
                >
                        <span
                                className="sidenav-icon--line"
                        />
                </li>
                <li
                        className="SideNav"
                        style={
                                Object {
                                        "marginRight": "-150px",
                                        "opacity": 0,
                                      }
                        }
                >
                        <Connect(SideNav) />
                </li>
        </ul>
</nav>,
      "className": "Header",
    },
    "ref": null,
    "rendered": Object {
      "instance": null,
      "key": undefined,
      "nodeType": "host",
      "props": Object {
        "children": Array [
          <span
            className="navigation__header"
>
            <Link
                        replace={false}
                        to="/"
            >
                        <i
                                    aria-hidden="true"
                                    className="fa fa-glass glass-icon--1"
                        />
                        <i
                                    aria-hidden="true"
                                    className="fa fa-glass glass-icon--2"
                        />
            </Link>
</span>,
          <form
            action="#"
            className="search"
>
            <input
                        className="search__input"
                        onChange={[Function]}
                        onKeyDown={[Function]}
                        placeholder="Your city or zip code"
                        type="text"
                        value=""
            />
            <i
                        aria-hidden="true"
                        className="fa fa-search search__icon"
                        onClick={[Function]}
            />
</form>,
          <ul
            className="navigation__list"
            onClick={[Function]}
>
            <li
                        className="sidenav-icon"
            >
                        <span
                                    className="sidenav-icon--line"
                        />
            </li>
            <li
                        className="SideNav"
                        style={
                                    Object {
                                                "marginRight": "-150px",
                                                "opacity": 0,
                                              }
                        }
            >
                        <Connect(SideNav) />
            </li>
</ul>,
        ],
        "className": "navigation",
      },
      "ref": null,
      "rendered": Array [
        Object {
          "instance": null,
          "key": undefined,
          "nodeType": "host",
          "props": Object {
            "children": <Link
              replace={false}
              to="/"
>
              <i
                            aria-hidden="true"
                            className="fa fa-glass glass-icon--1"
              />
              <i
                            aria-hidden="true"
                            className="fa fa-glass glass-icon--2"
              />
</Link>,
            "className": "navigation__header",
          },
          "ref": null,
          "rendered": Object {
            "instance": null,
            "key": undefined,
            "nodeType": "class",
            "props": Object {
              "children": Array [
                <i
                  aria-hidden="true"
                  className="fa fa-glass glass-icon--1"
/>,
                <i
                  aria-hidden="true"
                  className="fa fa-glass glass-icon--2"
/>,
              ],
              "replace": false,
              "to": "/",
            },
            "ref": null,
            "rendered": Array [
              Object {
                "instance": null,
                "key": undefined,
                "nodeType": "host",
                "props": Object {
                  "aria-hidden": "true",
                  "className": "fa fa-glass glass-icon--1",
                },
                "ref": null,
                "rendered": null,
                "type": "i",
              },
              Object {
                "instance": null,
                "key": undefined,
                "nodeType": "host",
                "props": Object {
                  "aria-hidden": "true",
                  "className": "fa fa-glass glass-icon--2",
                },
                "ref": null,
                "rendered": null,
                "type": "i",
              },
            ],
            "type": [Function],
          },
          "type": "span",
        },
        Object {
          "instance": null,
          "key": undefined,
          "nodeType": "host",
          "props": Object {
            "action": "#",
            "children": Array [
              <input
                className="search__input"
                onChange={[Function]}
                onKeyDown={[Function]}
                placeholder="Your city or zip code"
                type="text"
                value=""
/>,
              <i
                aria-hidden="true"
                className="fa fa-search search__icon"
                onClick={[Function]}
/>,
            ],
            "className": "search",
          },
          "ref": null,
          "rendered": Array [
            Object {
              "instance": null,
              "key": undefined,
              "nodeType": "host",
              "props": Object {
                "className": "search__input",
                "onChange": [Function],
                "onKeyDown": [Function],
                "placeholder": "Your city or zip code",
                "type": "text",
                "value": "",
              },
              "ref": null,
              "rendered": null,
              "type": "input",
            },
            Object {
              "instance": null,
              "key": undefined,
              "nodeType": "host",
              "props": Object {
                "aria-hidden": "true",
                "className": "fa fa-search search__icon",
                "onClick": [Function],
              },
              "ref": null,
              "rendered": null,
              "type": "i",
            },
          ],
          "type": "form",
        },
        Object {
          "instance": null,
          "key": undefined,
          "nodeType": "host",
          "props": Object {
            "children": Array [
              <li
                className="sidenav-icon"
>
                <span
                                className="sidenav-icon--line"
                />
</li>,
              <li
                className="SideNav"
                style={
                                Object {
                                                "marginRight": "-150px",
                                                "opacity": 0,
                                              }
                }
>
                <Connect(SideNav) />
</li>,
            ],
            "className": "navigation__list",
            "onClick": [Function],
          },
          "ref": null,
          "rendered": Array [
            Object {
              "instance": null,
              "key": undefined,
              "nodeType": "host",
              "props": Object {
                "children": <span
                  className="sidenav-icon--line"
/>,
                "className": "sidenav-icon",
              },
              "ref": null,
              "rendered": Object {
                "instance": null,
                "key": undefined,
                "nodeType": "host",
                "props": Object {
                  "className": "sidenav-icon--line",
                },
                "ref": null,
                "rendered": null,
                "type": "span",
              },
              "type": "li",
            },
            Object {
              "instance": null,
              "key": undefined,
              "nodeType": "host",
              "props": Object {
                "children": <Connect(SideNav) />,
                "className": "SideNav",
                "style": Object {
                  "marginRight": "-150px",
                  "opacity": 0,
                },
              },
              "ref": null,
              "rendered": Object {
                "instance": null,
                "key": undefined,
                "nodeType": "class",
                "props": Object {},
                "ref": null,
                "rendered": null,
                "type": [Function],
              },
              "type": "li",
            },
          ],
          "type": "ul",
        },
      ],
      "type": "nav",
    },
    "type": "div",
  },
  Symbol(enzyme.__nodes__): Array [
    Object {
      "instance": null,
      "key": undefined,
      "nodeType": "host",
      "props": Object {
        "children": <nav
          className="navigation"
>
          <span
                    className="navigation__header"
          >
                    <Link
                              replace={false}
                              to="/"
                    >
                              <i
                                        aria-hidden="true"
                                        className="fa fa-glass glass-icon--1"
                              />
                              <i
                                        aria-hidden="true"
                                        className="fa fa-glass glass-icon--2"
                              />
                    </Link>
          </span>
          <form
                    action="#"
                    className="search"
          >
                    <input
                              className="search__input"
                              onChange={[Function]}
                              onKeyDown={[Function]}
                              placeholder="Your city or zip code"
                              type="text"
                              value=""
                    />
                    <i
                              aria-hidden="true"
                              className="fa fa-search search__icon"
                              onClick={[Function]}
                    />
          </form>
          <ul
                    className="navigation__list"
                    onClick={[Function]}
          >
                    <li
                              className="sidenav-icon"
                    >
                              <span
                                        className="sidenav-icon--line"
                              />
                    </li>
                    <li
                              className="SideNav"
                              style={
                                        Object {
                                                  "marginRight": "-150px",
                                                  "opacity": 0,
                                                }
                              }
                    >
                              <Connect(SideNav) />
                    </li>
          </ul>
</nav>,
        "className": "Header",
      },
      "ref": null,
      "rendered": Object {
        "instance": null,
        "key": undefined,
        "nodeType": "host",
        "props": Object {
          "children": Array [
            <span
              className="navigation__header"
>
              <Link
                            replace={false}
                            to="/"
              >
                            <i
                                          aria-hidden="true"
                                          className="fa fa-glass glass-icon--1"
                            />
                            <i
                                          aria-hidden="true"
                                          className="fa fa-glass glass-icon--2"
                            />
              </Link>
</span>,
            <form
              action="#"
              className="search"
>
              <input
                            className="search__input"
                            onChange={[Function]}
                            onKeyDown={[Function]}
                            placeholder="Your city or zip code"
                            type="text"
                            value=""
              />
              <i
                            aria-hidden="true"
                            className="fa fa-search search__icon"
                            onClick={[Function]}
              />
</form>,
            <ul
              className="navigation__list"
              onClick={[Function]}
>
              <li
                            className="sidenav-icon"
              >
                            <span
                                          className="sidenav-icon--line"
                            />
              </li>
              <li
                            className="SideNav"
                            style={
                                          Object {
                                                        "marginRight": "-150px",
                                                        "opacity": 0,
                                                      }
                            }
              >
                            <Connect(SideNav) />
              </li>
</ul>,
          ],
          "className": "navigation",
        },
        "ref": null,
        "rendered": Array [
          Object {
            "instance": null,
            "key": undefined,
            "nodeType": "host",
            "props": Object {
              "children": <Link
                replace={false}
                to="/"
>
                <i
                                aria-hidden="true"
                                className="fa fa-glass glass-icon--1"
                />
                <i
                                aria-hidden="true"
                                className="fa fa-glass glass-icon--2"
                />
</Link>,
              "className": "navigation__header",
            },
            "ref": null,
            "rendered": Object {
              "instance": null,
              "key": undefined,
              "nodeType": "class",
              "props": Object {
                "children": Array [
                  <i
                    aria-hidden="true"
                    className="fa fa-glass glass-icon--1"
/>,
                  <i
                    aria-hidden="true"
                    className="fa fa-glass glass-icon--2"
/>,
                ],
                "replace": false,
                "to": "/",
              },
              "ref": null,
              "rendered": Array [
                Object {
                  "instance": null,
                  "key": undefined,
                  "nodeType": "host",
                  "props": Object {
                    "aria-hidden": "true",
                    "className": "fa fa-glass glass-icon--1",
                  },
                  "ref": null,
                  "rendered": null,
                  "type": "i",
                },
                Object {
                  "instance": null,
                  "key": undefined,
                  "nodeType": "host",
                  "props": Object {
                    "aria-hidden": "true",
                    "className": "fa fa-glass glass-icon--2",
                  },
                  "ref": null,
                  "rendered": null,
                  "type": "i",
                },
              ],
              "type": [Function],
            },
            "type": "span",
          },
          Object {
            "instance": null,
            "key": undefined,
            "nodeType": "host",
            "props": Object {
              "action": "#",
              "children": Array [
                <input
                  className="search__input"
                  onChange={[Function]}
                  onKeyDown={[Function]}
                  placeholder="Your city or zip code"
                  type="text"
                  value=""
/>,
                <i
                  aria-hidden="true"
                  className="fa fa-search search__icon"
                  onClick={[Function]}
/>,
              ],
              "className": "search",
            },
            "ref": null,
            "rendered": Array [
              Object {
                "instance": null,
                "key": undefined,
                "nodeType": "host",
                "props": Object {
                  "className": "search__input",
                  "onChange": [Function],
                  "onKeyDown": [Function],
                  "placeholder": "Your city or zip code",
                  "type": "text",
                  "value": "",
                },
                "ref": null,
                "rendered": null,
                "type": "input",
              },
              Object {
                "instance": null,
                "key": undefined,
                "nodeType": "host",
                "props": Object {
                  "aria-hidden": "true",
                  "className": "fa fa-search search__icon",
                  "onClick": [Function],
                },
                "ref": null,
                "rendered": null,
                "type": "i",
              },
            ],
            "type": "form",
          },
          Object {
            "instance": null,
            "key": undefined,
            "nodeType": "host",
            "props": Object {
              "children": Array [
                <li
                  className="sidenav-icon"
>
                  <span
                                    className="sidenav-icon--line"
                  />
</li>,
                <li
                  className="SideNav"
                  style={
                                    Object {
                                                      "marginRight": "-150px",
                                                      "opacity": 0,
                                                    }
                  }
>
                  <Connect(SideNav) />
</li>,
              ],
              "className": "navigation__list",
              "onClick": [Function],
            },
            "ref": null,
            "rendered": Array [
              Object {
                "instance": null,
                "key": undefined,
                "nodeType": "host",
                "props": Object {
                  "children": <span
                    className="sidenav-icon--line"
/>,
                  "className": "sidenav-icon",
                },
                "ref": null,
                "rendered": Object {
                  "instance": null,
                  "key": undefined,
                  "nodeType": "host",
                  "props": Object {
                    "className": "sidenav-icon--line",
                  },
                  "ref": null,
                  "rendered": null,
                  "type": "span",
                },
                "type": "li",
              },
              Object {
                "instance": null,
                "key": undefined,
                "nodeType": "host",
                "props": Object {
                  "children": <Connect(SideNav) />,
                  "className": "SideNav",
                  "style": Object {
                    "marginRight": "-150px",
                    "opacity": 0,
                  },
                },
                "ref": null,
                "rendered": Object {
                  "instance": null,
                  "key": undefined,
                  "nodeType": "class",
                  "props": Object {},
                  "ref": null,
                  "rendered": null,
                  "type": [Function],
                },
                "type": "li",
              },
            ],
            "type": "ul",
          },
        ],
        "type": "nav",
      },
      "type": "div",
    },
  ],
  Symbol(enzyme.__options__): Object {
    "adapter": ReactSixteenAdapter {
      "options": Object {
        "enableComponentDidUpdateOnSetState": true,
      },
    },
  },
}
`;
